lib/mockProperties.ts(26,5): error TS2353: Object literal may only specify known properties, and 'imageUrl' does not exist in type 'Property'.
lib/mockProperties.ts(37,5): error TS2353: Object literal may only specify known properties, and 'imageUrl' does not exist in type 'Property'.
lib/mockProperties.ts(51,5): error TS2353: Object literal may only specify known properties, and 'imageUrl' does not exist in type 'Property'.
lib/mockProperties.ts(63,5): error TS2353: Object literal may only specify known properties, and 'imageUrl' does not exist in type 'Property'.
lib/mockProperties.ts(74,5): error TS2353: Object literal may only specify known properties, and 'imageUrl' does not exist in type 'Property'.
lib/mockProperties.ts(86,5): error TS2353: Object literal may only specify known properties, and 'imageUrl' does not exist in type 'Property'.
lib/mockProperties.ts(97,5): error TS2353: Object literal may only specify known properties, and 'imageUrl' does not exist in type 'Property'.
lib/mockProperties.ts(109,5): error TS2353: Object literal may only specify known properties, and 'imageUrl' does not exist in type 'Property'.
lib/mockProperties.ts(120,5): error TS2353: Object literal may only specify known properties, and 'imageUrl' does not exist in type 'Property'.
lib/mockProperties.ts(131,5): error TS2353: Object literal may only specify known properties, and 'imageUrl' does not exist in type 'Property'.
lib/mockProperties.ts(143,5): error TS2353: Object literal may only specify known properties, and 'imageUrl' does not exist in type 'Property'.
lib/mockProperties.ts(154,5): error TS2353: Object literal may only specify known properties, and 'imageUrl' does not exist in type 'Property'.
lib/mockProperties.ts(166,5): error TS2353: Object literal may only specify known properties, and 'imageUrl' does not exist in type 'Property'.
lib/mockProperties.ts(177,5): error TS2353: Object literal may only specify known properties, and 'imageUrl' does not exist in type 'Property'.
lib/mockProperties.ts(188,5): error TS2353: Object literal may only specify known properties, and 'imageUrl' does not exist in type 'Property'.
lib/mockProperties.ts(200,5): error TS2353: Object literal may only specify known properties, and 'imageUrl' does not exist in type 'Property'.
lib/mockProperties.ts(211,5): error TS2353: Object literal may only specify known properties, and 'imageUrl' does not exist in type 'Property'.
lib/mockProperties.ts(223,5): error TS2353: Object literal may only specify known properties, and 'imageUrl' does not exist in type 'Property'.
